../Core/Src/4Digit_Driver.c:17:6:TM1637_ClkHigh	8	static
../Core/Src/4Digit_Driver.c:22:6:TM1637_ClkLow	8	static
../Core/Src/4Digit_Driver.c:27:6:TM1637_DataHigh	8	static
../Core/Src/4Digit_Driver.c:32:6:TM1637_DataLow	8	static
../Core/Src/4Digit_Driver.c:37:6:TM1637_Demo	16	static
../Core/Src/4Digit_Driver.c:50:6:TM1637_Init	8	static
../Core/Src/4Digit_Driver.c:57:6:TM1637_DisplayDecimal_Saat	32	static
../Core/Src/4Digit_Driver.c:94:6:TM1637_DisplayDecimal_Ayar	40	static
../Core/Src/4Digit_Driver.c:165:6:TM1637_SetBrightness	16	static
../Core/Src/4Digit_Driver.c:178:6:TM1637_Start	8	static
../Core/Src/4Digit_Driver.c:186:6:TM1637_Stop	8	static
../Core/Src/4Digit_Driver.c:197:6:TM1637_ReadResult	8	static
../Core/Src/4Digit_Driver.c:207:6:TM1637_WriteByte	24	static
../Core/Src/4Digit_Driver.c:224:6:TM1637_DelayUsec	24	static,ignoring_inline_asm
