../Drivers/CMSIS/Include/core_cm4.h:1679:22:__NVIC_EnableIRQ	16	static,ignoring_inline_asm
../Drivers/CMSIS/Include/core_cm4.h:1809:22:__NVIC_SetPriority	16	static
../Core/Src/analog_buttons_drivers.c:9:6:rcc_clocks_enable	24	static
../Core/Src/analog_buttons_drivers.c:19:6:NVICS_Init	8	static
../Core/Src/analog_buttons_drivers.c:29:6:PC5_Button_Driver_init	4	static
../Core/Src/analog_buttons_drivers.c:57:6:PC6_Button_Driver_init	4	static
../Core/Src/analog_buttons_drivers.c:72:6:PC8_Button_Driver_init	4	static
../Core/Src/analog_buttons_drivers.c:87:6:PC9_Button_Driver_init	4	static
../Core/Src/analog_buttons_drivers.c:102:6:PA11_Button_Driver_init	4	static
../Core/Src/analog_buttons_drivers.c:117:6:PC13_Button_Driver_init	4	static
../Core/Src/analog_buttons_drivers.c:135:5:flag_PC5	4	static
../Core/Src/analog_buttons_drivers.c:138:5:flag_PC6	4	static
../Core/Src/analog_buttons_drivers.c:141:5:flag_PC8	4	static
../Core/Src/analog_buttons_drivers.c:144:6:flag_PC8_a	16	static
../Core/Src/analog_buttons_drivers.c:148:5:flag_PC9	4	static
../Core/Src/analog_buttons_drivers.c:151:5:flag_PA11	4	static
../Core/Src/analog_buttons_drivers.c:154:5:flag_PC13	4	static
../Core/Src/analog_buttons_drivers.c:157:5:dg0to9ch	16	static
../Core/Src/analog_buttons_drivers.c:171:5:dg0to5ch	16	static
../Core/Src/analog_buttons_drivers.c:185:5:dg0to22ch	16	static
../Core/Src/analog_buttons_drivers.c:200:5:switch_leftright	4	static
../Core/Src/analog_buttons_drivers.c:205:6:EXTI9_5_IRQHandler	4	static
../Core/Src/analog_buttons_drivers.c:255:6:EXTI15_10_IRQHandler	4	static
../Core/Src/analog_buttons_drivers.c:286:6:flag_PC5_reset	4	static
../Core/Src/analog_buttons_drivers.c:290:6:flag_PC8_reset	4	static
../Core/Src/analog_buttons_drivers.c:294:6:switch_leftright_reset	4	static
